
2020/5/6

	fail to connect mysql: do such directory...
	-> mysql service was stopped.